---
source: go-away/tests/output.rs
expression: "go_away::registry_to_output(registry)"

---
type Two struct {
	Y bool `json:"y"`
}
type One struct {
	X float64 `json:"x"`
}
type NewTypeEnum struct {
	OptionOne *One
	OptionTwo *Two
}

func (self NewTypeEnum) MarshalJSON() ([]byte, error) {
	if err := self.Validate(); err != nil {
		return nil, fmt.Errorf("Validate Failed: %w", err)
	}
	if self.OptionOne != nil {
		output := make(map[string]interface{})
		output["type"] = "OptionOne"
		output["data"] = self.OptionOne
		return json.Marshal(output)
	} else 	if self.OptionTwo != nil {
		output := make(map[string]interface{})
		output["type"] = "OptionTwo"
		output["data"] = self.OptionTwo
		return json.Marshal(output)
	} else 	{
		return nil, fmt.Errorf("No variant was present")
	}
}
func (self *NewTypeEnum) UnmarshalJSON(data []byte) error {
	temp := struct {
		Tag string `json:"type"`
	}{}
	if err := json.Unmarshal(data, &temp); err != nil {
		return err
	}
	if temp.Tag == "OptionOne" {
		rv := struct {
			Data One `json:"data"`
		}{}
		if err := json.Unmarshal(data, &rv); err != nil {
			return err
		}
		self.OptionOne = &rv.Data
		self.OptionTwo = nil
	} else if temp.Tag == "OptionTwo" {
		rv := struct {
			Data Two `json:"data"`
		}{}
		if err := json.Unmarshal(data, &rv); err != nil {
			return err
		}
		self.OptionTwo = &rv.Data
		self.OptionOne = nil
	} else {
		return errors.New("Unknown type tag")
	}
	return nil
}
func (u NewTypeEnum) Validate() error {
	var count int

	if u.OptionOne != nil {
		count++
	}

	if u.OptionTwo != nil {
		count++
	}

	if count != 1 {
		return fmt.Errorf("one variant must be populated, found %d", count)
	}

	return nil
}

